// Jest Snapshot v1, https://goo.gl/fbAQLP

exports[`Component Contacts should render Contacts component correctly 1`] = `
<div
  className="contact-page"
>
  <div
    css={[Function]}
  >
    <div
      css={[Function]}
    >
      <div
        className=""
        css={[Function]}
      >
        Contact List
      </div>
    </div>
    <div
      css={[Function]}
    >
      <input
        className="input"
        onChange={[Function]}
        placeholder="Find Contact"
        value=""
      />
      <div>
        <button
          className="primary"
          css={[Function]}
          onClick={[Function]}
        >
          Add New Contact
        </button>
      </div>
    </div>
    <div
      className="contact-page-content"
      css={
        {
          "marginBottom": 12,
        }
      }
    >
      <div
        className=""
        css={[Function]}
      >
        loading...
      </div>
    </div>
    <div
      css={
        {
          "alignItems": "center",
          "display": "flex",
          "justifyContent": "space-between",
        }
      }
    >
      <div
        className=""
        css={[Function]}
      >
        showing 0 of 0 data (1/0)
      </div>
      <div
        css={
          {
            "display": "flex",
            "gap": "4px",
          }
        }
      >
        <button
          className="primary"
          css={[Function]}
          disabled={true}
          onClick={[Function]}
        >
          Prev
        </button>
        <button
          className="primary"
          css={[Function]}
          disabled={true}
          onClick={[Function]}
        >
          Next
        </button>
      </div>
    </div>
  </div>
  <div
    css={[Function]}
  >
    <div
      className="modal-mask"
      onClick={[Function]}
    />
    <div
      className="modal-content"
    >
      <div
        className="header"
      >
        <div
          css={
            {
              "alignItems": "center",
              "display": "flex",
            }
          }
        >
          <div
            className="header-title"
            css={[Function]}
          >
            Detail Contact
          </div>
          <div
            css={
              {
                "marginLeft": "8px",
              }
            }
          >
            <button
              className="warning"
              css={[Function]}
              onClick={[Function]}
            >
              Edit
            </button>
          </div>
        </div>
        <div
          className="close-icon"
          onClick={[Function]}
        >
          <div
            className=""
            css={[Function]}
          >
            X
          </div>
        </div>
      </div>
      <div
        className="content"
      >
        <div
          css={[Function]}
        >
          <div
            className="section-name"
          >
            <div
              className="first-name"
            >
              <div
                className="header-title"
                css={[Function]}
              >
                First Name
              </div>
              <div
                className=""
                css={[Function]}
              >
                -
              </div>
            </div>
            <div
              className="last-name"
            >
              <div
                className="header-title"
                css={[Function]}
              >
                Last Name
              </div>
              <div
                className=""
                css={[Function]}
              >
                -
              </div>
            </div>
          </div>
          <div
            className="section-phone-number"
          >
            <div
              className="header-title"
              css={[Function]}
            >
              Phones
            </div>
            -
          </div>
        </div>
      </div>
      <div
        className="footer"
      />
    </div>
  </div>
  <div
    css={[Function]}
  >
    <div
      className="modal-mask"
      onClick={[Function]}
    />
    <div
      className="modal-content"
    >
      <div
        className="header"
      >
        <div
          className=""
          css={[Function]}
        >
          Add New Contact
        </div>
        <div
          className="close-icon"
          onClick={[Function]}
        >
          <div
            className=""
            css={[Function]}
          >
            X
          </div>
        </div>
      </div>
      <div
        className="content"
      >
        <div
          css={[Function]}
        >
          <div
            className="section-name"
          >
            <div
              className="first-name"
            >
              <div
                className="header-title"
                css={[Function]}
              >
                First Name
              </div>
              <input
                className="input"
                disabled={false}
                onChange={[Function]}
                placeholder="Input First Name..."
                value=""
              />
            </div>
            <div
              className="last-name"
            >
              <div
                className="header-title"
                css={[Function]}
              >
                Last Name
              </div>
              <input
                className="input"
                disabled={false}
                onChange={[Function]}
                placeholder="Input Last Name..."
                value=""
              />
            </div>
          </div>
          <div
            className="section-phone-number"
          >
            <div
              className="header-title"
              css={[Function]}
            >
              Phones
            </div>
            <div
              className="phone-container"
            >
              <input
                className="input"
                disabled={false}
                onChange={[Function]}
                placeholder="Phone 1"
                value=""
              />
              <div
                className="icons"
              >
                <div
                  className="add-icon"
                  onClick={[Function]}
                >
                  <svg
                    fill="none"
                    height="24px"
                    viewBox="0 0 24 24"
                    width="23px"
                    xmlns="http://www.w3.org/2000/svg"
                  >
                    <path
                      d="M9 12H15"
                      stroke="#435334"
                      strokeLinecap="round"
                      strokeLinejoin="round"
                      strokeWidth="2"
                    />
                    <path
                      d="M12 9L12 15"
                      stroke="#435334"
                      strokeLinecap="round"
                      strokeLinejoin="round"
                      strokeWidth="2"
                    />
                    <path
                      d="M3 12C3 4.5885 4.5885 3 12 3C19.4115 3 21 4.5885 21 12C21 19.4115 19.4115 21 12 21C4.5885 21 3 19.4115 3 12Z"
                      stroke="#435334"
                      strokeWidth="2"
                    />
                  </svg>
                </div>
              </div>
            </div>
          </div>
        </div>
      </div>
      <div
        className="footer"
      >
        <div
          className="flex"
          css={
            {
              "padding": "0 12px 12px 12px",
            }
          }
        >
          <button
            className="primary"
            css={[Function]}
            disabled={true}
            onClick={[Function]}
          >
            Submit
          </button>
        </div>
      </div>
    </div>
  </div>
  <div
    css={[Function]}
  >
    <div
      className="modal-mask"
      onClick={[Function]}
    />
    <div
      className="modal-content"
    >
      <div
        className="header"
      >
        <div
          className=""
          css={[Function]}
        >
          Edit Contact
        </div>
        <div
          className="close-icon"
          onClick={[Function]}
        >
          <div
            className=""
            css={[Function]}
          >
            X
          </div>
        </div>
      </div>
      <div
        className="content"
      >
        <div
          css={[Function]}
        >
          <div
            className="section-name"
          >
            <div
              className="first-name"
            >
              <div
                className="header-title"
                css={[Function]}
              >
                First Name
              </div>
              <input
                className="input"
                disabled={false}
                onChange={[Function]}
                placeholder="Input First Name..."
                value=""
              />
            </div>
            <div
              className="last-name"
            >
              <div
                className="header-title"
                css={[Function]}
              >
                Last Name
              </div>
              <input
                className="input"
                disabled={false}
                onChange={[Function]}
                placeholder="Input Last Name..."
                value=""
              />
            </div>
          </div>
          <div
            className="section-phone-number"
          >
            <div
              className="header-title"
              css={[Function]}
            >
              Phones
            </div>
            <div
              className="phone-container"
            >
              <input
                className="input"
                disabled={true}
                onChange={[Function]}
                placeholder="Phone 1"
                value=""
              />
            </div>
          </div>
        </div>
      </div>
      <div
        className="footer"
      >
        <div
          className="flex"
          css={
            {
              "padding": "0 12px 12px 12px",
            }
          }
        >
          <button
            className="primary"
            css={[Function]}
            disabled={true}
            onClick={[Function]}
          >
            Submit
          </button>
        </div>
      </div>
    </div>
  </div>
</div>
`;
