// Jest Snapshot v1, https://goo.gl/fbAQLP

exports[`Component FormContact should render FormContact component correctly 1`] = `
<div
  css={[Function]}
>
  <div
    css={
      {
        "@media (min-width: 720px)": {
          "width": "50vw",
        },
        "border": "1px solid black",
        "padding": "16px",
        "width": "85vw",
      }
    }
  >
    <p>
      Loading...
    </p>
  </div>
</div>
`;
